Name: Selection
ObjCount: 4
======
Rectangle:
Ellipse:
Line:
Line:
--------