PoolName: Generic-InteractiveCommand
ObjCount: 1
======
Line:	  brushC -> #0000ff, brushS -> 11, penC -> #0000ff, penS -> 1
--------

PoolName: Highlight-ActiveObjects
ObjCount: 0
======
--------

PoolName: Highlight-QASelectionsTintirid
ObjCount: 0
======
--------

PoolName: Highlight-Selection
ObjCount: 0
======
--------

