PoolName: Generic-InteractiveCommand
ObjCount: 0
======
--------

PoolName: Highlight-ActiveObjects
ObjCount: 0
======
--------

PoolName: Highlight-QASelectionsTintirid
ObjCount: 0
======
--------

PoolName: Highlight-Selection
ObjCount: 0
======
--------

