Name: Selection
ObjCount: 3
======
Rectangle:
Rectangle:
Rectangle:
--------