Name: Selection
ObjCount: 1
======
Rectangle:
--------