dicmdCreateObjRectangle -points {(104,47);(193,134)} 
dicmdCreateObjRectangle -points {(165,110);(252,202)} 
dicmdCreateObjRectangle -points {(329,96);(469,171)} 
dicmdCreateObjRectangle -points {(455,54);(518,113)} 
dicmdCreateObjRectangle -points {(587,173);(705,253)} 
dicmdCreateObjEllipse -points {(144,288);(217,346)} 
dicmdCreateObjLine -points {(269,267);(414,266)} 
dicmdCreateObjLine -points {(289,229);(305,165)} 
dicmdCreateObjLine -points {(222,263);(349,230)} 
dicmdCreateObjPolygon -points {(796,79);(960,73);(968,181);(928,106);(888,153);(888,153)} 
dicmdCreateObjPolygon -points {(538,94);(689,89);(694,142);(694,142)} 
dicmdCreateObjEllipse -points {(457,123);(537,199)} 
dicmdCreateObjEllipse -points {(506,87);(605,126)} 
dicmdCreateObjRectangle -points {(495,185);(603,238)} 
dicmdCreateObjRectangle -points {(652,41);(853,120)} 
dicmdCreateObjRectangle -points {(807,109);(865,168)} 
dicmdCreateObjPolygon -points {(776,222);(974,221);(968,274);(888,231);(844,326);(844,326)} 
dicmdCreateObjPolygon -points {(396,298);(469,241);(601,336);(598,299);(525,339);(496,305);(439,330);(439,330)} 
dicmdCreateObjLine -points {(300,80);(470,22)} 
dicmdCreateObjLine -points {(227,45);(355,33)} 
dicmdCreateObjRectangle -points {(200,20);(526,203)} 
