PoolName: Selection
ObjCount: 2
======
Rectangle:	  brushC -> #000000, brushS -> 9, penC -> #ffffff, penS -> 1
Ellipse:	  brushC -> #000000, brushS -> 9, penC -> #ffffff, penS -> 1
--------

