Name: Selection
ObjCount: 7
======
Line:
Line:
Line:
Line:
Line:
Line:
Line:
--------