Name: Selection
ObjCount: 5
======
Line:
Line:
Line:
Line:
Line:
--------