PoolName: Generic-InteractiveCommand
ObjCount: 1
======
Polygon:	  brushC -> #000000, brushS -> 1, penC -> #ffffff, penS -> 1
--------

PoolName: Highlight-ActiveObjects
ObjCount: 0
======
--------

PoolName: Highlight-QASelectionsTintirid
ObjCount: 0
======
--------

PoolName: Highlight-Selection
ObjCount: 0
======
--------

