dicmdCreateObjRectangle -brush 1 -color #000000 -fill 9 -points {(131,77);(242,173)} 
dicmdCreateObjRectangle -brush 1 -color #000000 -fill 9 -points {(217,142);(344,262)} 
dicmdCreateObjRectangle -brush 1 -color #000000 -fill 9 -points {(316,245);(454,325)} 
