Name: Selection
ObjCount: 5
======
Rectangle:
Rectangle:
Rectangle:
Ellipse:
Ellipse:
--------