Name: Selection
ObjCount: 17
======
Line:
Line:
Rectangle:
Ellipse:
Rectangle:
Ellipse:
Ellipse:
Ellipse:
Ellipse:
Ellipse:
Ellipse:
Ellipse:
Rectangle:
Rectangle:
Polygon:
Polygon:
Polygon:
--------