#i --> Info: Welcome to this project. Feel free to expirment. 
#i --> Info: Set to mode1
incmdDesignNew
dicmdguiClickButton -object mw/65/70/Home/qt_tabwidget_tabbar 
#e --> Error: something went wrong with this command -> dicmdguiClickButton
dicmdguiClickButton -object 0x104:Ellipse 
incmdCreateObjEllipse
dicmdAbortActiveCommand 
incmdCreateObjEllipse
dicmdCanvasMouseClick -point (96,58) 
dicmdCanvasMouseClick -point (96,58) 
dicmdCanvasMouseClick -point (192,140) 
dicmdCanvasMouseClick -point (192,140) 
#o --> Out: dicmdCreateObjEllipse -brush 1 -color #000000 -fill 9 -points {(96,58);(192,140)} 
dicmdCanvasMouseClick -point (183,173) 
dicmdCanvasMouseClick -point (183,173) 
dicmdCanvasMouseClick -point (298,263) 
dicmdCanvasMouseClick -point (298,263) 
#o --> Out: dicmdCreateObjEllipse -brush 1 -color #000000 -fill 9 -points {(183,173);(298,263)} 
dicmdAbortActiveCommand 
dicmdAbortActiveCommand 
dicmdCanvasMouseClick -point (254,226) 
dicmdCanvasMouseClick -point (254,226) 
dicmdCanvasMouseRelease -point (680,159) 
dicmdCanvasMouseClick -point (700,197) 
dicmdCanvasMouseClick -point (700,197) 
dicmdCanvasMouseRelease -point (220,231) 
dicmdCanvasMouseClick -point (162,136) 
dicmdCanvasMouseClick -point (162,136) 
dicmdCanvasMouseRelease -point (636,165) 
dicmdCanvasMouseClick -point (295,241) 
dicmdCanvasMouseClick -point (295,241) 
dicmdCanvasMouseRelease -point (596,69) 
dicmdCanvasMouseClick -point (670,205) 
dicmdCanvasMouseClick -point (670,205) 
dicmdCanvasMouseRelease -point (244,187) 
dicmdCanvasMouseClick -point (634,122) 
dicmdCanvasMouseClick -point (634,122) 
dicmdCanvasMouseRelease -point (831,220) 
dicmdguiClickButton -object 0x104:Ellipse 
incmdCreateObjEllipse
dicmdAbortActiveCommand 
incmdCreateObjEllipse
dicmdCanvasMouseClick -point (405,73) 
dicmdCanvasMouseClick -point (405,73) 
dicmdCanvasMouseClick -point (521,144) 
dicmdCanvasMouseClick -point (521,144) 
#o --> Out: dicmdCreateObjEllipse -brush 1 -color #000000 -fill 9 -points {(405,73);(521,144)} 
dicmdAbortActiveCommand 
dicmdAbortActiveCommand 
dicmdCanvasMouseClick -point (473,115) 
dicmdCanvasMouseClick -point (473,115) 
dicmdCanvasMouseRelease -point (613,107) 
dicmdCanvasMouseClick -point (283,229) 
dicmdCanvasMouseClick -point (283,229) 
dicmdCanvasMouseRelease -point (132,137) 
dicmdCanvasMouseClick -point (627,143) 
dicmdCanvasMouseClick -point (627,143) 
dicmdCanvasMouseRelease -point (331,282) 
dicmdCanvasMouseClick -point (884,272) 
dicmdCanvasMouseClick -point (884,272) 
dicmdCanvasMouseRelease -point (373,74) 
dicmdCanvasMouseClick -point (377,287) 
dicmdCanvasMouseClick -point (377,287) 
dicmdCanvasMouseRelease -point (647,98) 
dicmdCanvasMouseClick -point (435,118) 
dicmdCanvasMouseClick -point (435,118) 
dicmdCanvasMouseRelease -point (87,158) 
dicmdCanvasMouseClick -point (720,146) 
dicmdCanvasMouseClick -point (720,146) 
dicmdCanvasMouseRelease -point (895,196) 
dicmdCanvasMouseClick -point (118,197) 
dicmdCanvasMouseClick -point (118,197) 
dicmdCanvasMouseRelease -point (635,38) 
dicmdCanvasMouseClick -point (938,232) 
dicmdCanvasMouseClick -point (938,232) 
dicmdCanvasMouseRelease -point (229,199) 
dicmdCanvasMouseClick -point (720,107) 
dicmdCanvasMouseClick -point (720,107) 
dicmdCanvasMouseRelease -point (715,264) 
dicmdCanvasMouseClick -point (254,239) 
dicmdCanvasMouseClick -point (254,239) 
dicmdCanvasMouseRelease -point (96,94) 
dicmdCanvasMouseClick -point (752,319) 
dicmdCanvasMouseClick -point (752,319) 
dicmdCanvasMouseRelease -point (341,77) 
dicmdCanvasMouseClick -point (393,122) 
dicmdCanvasMouseClick -point (393,122) 
dicmdCanvasMouseRelease -point (568,77) 
dicmdCanvasMouseClick -point (648,145) 
dicmdCanvasMouseClick -point (648,145) 
dicmdCanvasMouseRelease -point (315,33) 
dicmdguiClickButton -object 0x104:Ellipse 
incmdCreateObjEllipse
dicmdAbortActiveCommand 
incmdCreateObjEllipse
dicmdCanvasMouseClick -point (279,131) 
dicmdCanvasMouseClick -point (279,131) 
dicmdCanvasMouseClick -point (387,218) 
dicmdCanvasMouseClick -point (387,218) 
#o --> Out: dicmdCreateObjEllipse -brush 1 -color #000000 -fill 9 -points {(279,131);(387,218)} 
dicmdCanvasMouseClick -point (388,241) 
dicmdCanvasMouseClick -point (388,241) 
dicmdCanvasMouseClick -point (536,291) 
dicmdCanvasMouseClick -point (536,291) 
#o --> Out: dicmdCreateObjEllipse -brush 1 -color #000000 -fill 9 -points {(388,241);(536,291)} 
dicmdCanvasMouseClick -point (574,209) 
dicmdCanvasMouseClick -point (574,209) 
dicmdCanvasMouseClick -point (737,287) 
dicmdCanvasMouseClick -point (737,287) 
#o --> Out: dicmdCreateObjEllipse -brush 1 -color #000000 -fill 9 -points {(574,209);(737,287)} 
dicmdAbortActiveCommand 
dicmdAbortActiveCommand 
dicmdCanvasMouseClick -point (651,243) 
dicmdCanvasMouseClick -point (651,243) 
dicmdCanvasMouseRelease -point (707,96) 
dicmdCanvasMouseClick -point (356,81) 
dicmdCanvasMouseClick -point (356,81) 
dicmdCanvasMouseRelease -point (694,184) 
dicmdCanvasMouseClick -point (322,152) 
dicmdCanvasMouseClick -point (322,152) 
dicmdCanvasMouseRelease -point (524,117) 
dicmdCanvasMouseClick -point (565,169) 
dicmdCanvasMouseClick -point (565,169) 
dicmdCanvasMouseRelease -point (217,82) 
dicmdCanvasMouseClick -point (146,133) 
dicmdCanvasMouseClick -point (146,133) 
dicmdCanvasMouseRelease -point (671,207) 
dicmdCanvasMouseClick -point (714,224) 
dicmdCanvasMouseClick -point (714,224) 
dicmdCanvasMouseRelease -point (50,79) 
dicmdCanvasMouseClick -point (751,123) 
dicmdCanvasMouseClick -point (751,123) 
dicmdCanvasMouseRelease -point (898,137) 
dicmdCanvasMouseClick -point (269,121) 
dicmdCanvasMouseClick -point (269,121) 
dicmdCanvasMouseRelease -point (516,69) 
dicmdCanvasMouseClick -point (560,119) 
dicmdCanvasMouseClick -point (560,119) 
dicmdCanvasMouseRelease -point (321,114) 
dicmdQaToolExit 
