dicmdCreateObjRectangle -brush 1 -color #000000 -fill 9 -points {(34,30);(82,67)} 
dicmdCreateObjEllipse -brush 1 -color #000000 -fill 9 -points {(122,76);(193,131)} 
dicmdCreateObjEllipse -brush 1 -color #000000 -fill 9 -points {(248,124);(367,197)} 
dicmdCreateObjPolygon -brush 1 -color #000000 -fill 9 -points {(550,101);(659,52);(778,143);(778,144)} 
dicmdCreateObjPolygon -brush 1 -color #000000 -fill 9 -points {(422,62);(477,124);(545,33);(491,72);(491,73)} 
dicmdCreateObjPolygon -brush 1 -color #000000 -fill 9 -points {(1020,45);(971,179);(1195,182);(855,91);(1151,91);(1151,91)} 
dicmdCreateObjPolygon -brush 1 -color #000000 -fill 9 -points {(1151,91);(1178,61);(1214,116);(1214,116)} 
dicmdCreateObjRectangle -brush 1 -color #000000 -fill 9 -points {(481,192);(618,240)} 
