#i --> Info: Welcome to this project. Feel free to expirment. 
#i --> Info: Set to mode1
dicmdCanvasMouseMove -point (673,369) 
dicmdCanvasMouseMove -point (673,369) 
dicmdCanvasMouseMove -point (655,349) 
dicmdCanvasMouseMove -point (655,349) 
dicmdCanvasMouseMove -point (631,335) 
dicmdCanvasMouseMove -point (631,335) 
dicmdCanvasMouseMove -point (603,319) 
dicmdCanvasMouseMove -point (603,319) 
dicmdCanvasMouseMove -point (575,305) 
dicmdCanvasMouseMove -point (575,305) 
dicmdCanvasMouseMove -point (545,297) 
dicmdCanvasMouseMove -point (545,297) 
dicmdCanvasMouseMove -point (517,289) 
dicmdCanvasMouseMove -point (517,289) 
dicmdCanvasMouseMove -point (491,283) 
dicmdCanvasMouseMove -point (491,283) 
dicmdCanvasMouseMove -point (467,277) 
dicmdCanvasMouseMove -point (467,277) 
dicmdCanvasMouseMove -point (447,271) 
dicmdCanvasMouseMove -point (447,271) 
dicmdCanvasMouseMove -point (427,263) 
dicmdCanvasMouseMove -point (427,263) 
dicmdCanvasMouseMove -point (405,253) 
dicmdCanvasMouseMove -point (405,253) 
dicmdCanvasMouseMove -point (385,243) 
dicmdCanvasMouseMove -point (385,243) 
dicmdCanvasMouseMove -point (361,229) 
dicmdCanvasMouseMove -point (361,229) 
dicmdCanvasMouseMove -point (339,213) 
dicmdCanvasMouseMove -point (339,213) 
dicmdCanvasMouseMove -point (319,195) 
dicmdCanvasMouseMove -point (319,195) 
dicmdCanvasMouseMove -point (299,173) 
dicmdCanvasMouseMove -point (299,173) 
dicmdCanvasMouseMove -point (281,153) 
dicmdCanvasMouseMove -point (281,153) 
dicmdCanvasMouseMove -point (265,133) 
dicmdCanvasMouseMove -point (265,133) 
dicmdCanvasMouseMove -point (249,109) 
dicmdCanvasMouseMove -point (249,109) 
dicmdCanvasMouseMove -point (237,85) 
dicmdCanvasMouseMove -point (237,85) 
dicmdCanvasMouseMove -point (227,61) 
dicmdCanvasMouseMove -point (227,61) 
dicmdCanvasMouseMove -point (217,35) 
dicmdCanvasMouseMove -point (217,35) 
dicmdCanvasMouseMove -point (213,13) 
dicmdCanvasMouseMove -point (213,13) 
dicmdguiClickButton -object mw/65/70/Home/qt_tabwidget_tabbar 
#e --> Error: something went wrong with this command -> dicmdguiClickButton
dicmdguiClickButton -object 0x104:Rectangle 
incmdCreateObjRectangle
dicmdAbortActiveCommand 
incmdCreateObjRectangle
dicmdCanvasMouseMove -point (119,6) 
dicmdCanvasMouseMove -point (119,6) 
dicmdCanvasMouseMove -point (126,25) 
dicmdCanvasMouseMove -point (126,25) 
dicmdCanvasMouseMove -point (135,44) 
dicmdCanvasMouseMove -point (135,44) 
dicmdCanvasMouseMove -point (141,58) 
dicmdCanvasMouseMove -point (141,58) 
dicmdCanvasMouseMove -point (144,66) 
dicmdCanvasMouseMove -point (144,66) 
dicmdCanvasMouseMove -point (147,73) 
dicmdCanvasMouseMove -point (147,73) 
dicmdCanvasMouseMove -point (151,80) 
dicmdCanvasMouseMove -point (151,80) 
dicmdCanvasMouseMove -point (154,89) 
dicmdCanvasMouseMove -point (154,89) 
dicmdCanvasMouseMove -point (156,92) 
dicmdCanvasMouseMove -point (156,92) 
dicmdCanvasMouseMove -point (158,97) 
dicmdCanvasMouseMove -point (158,97) 
dicmdCanvasMouseMove -point (158,101) 
dicmdCanvasMouseMove -point (158,101) 
dicmdCanvasMouseMove -point (158,104) 
dicmdCanvasMouseMove -point (158,104) 
dicmdCanvasMouseMove -point (158,107) 
dicmdCanvasMouseMove -point (158,107) 
dicmdCanvasMouseMove -point (156,110) 
dicmdCanvasMouseMove -point (156,110) 
dicmdCanvasMouseMove -point (156,113) 
dicmdCanvasMouseMove -point (156,113) 
dicmdCanvasMouseMove -point (155,114) 
dicmdCanvasMouseMove -point (155,114) 
dicmdCanvasMouseMove -point (154,114) 
dicmdCanvasMouseMove -point (154,114) 
dicmdCanvasMouseMove -point (153,115) 
dicmdCanvasMouseMove -point (153,115) 
dicmdCanvasMouseClick -point (153,115) 
dicmdCanvasMouseMove -point (153,115) 
dicmdCanvasMouseClick -point (153,115) 
dicmdCanvasMouseMove -point (154,115) 
dicmdCanvasMouseMove -point (154,115) 
dicmdCanvasMouseMove -point (159,116) 
dicmdCanvasMouseMove -point (159,116) 
dicmdCanvasMouseMove -point (165,118) 
dicmdCanvasMouseMove -point (165,118) 
dicmdCanvasMouseMove -point (174,122) 
dicmdCanvasMouseMove -point (174,122) 
dicmdCanvasMouseMove -point (183,128) 
dicmdCanvasMouseMove -point (183,128) 
dicmdCanvasMouseMove -point (196,134) 
dicmdCanvasMouseMove -point (196,134) 
dicmdCanvasMouseMove -point (210,140) 
dicmdCanvasMouseMove -point (210,140) 
dicmdCanvasMouseMove -point (223,148) 
dicmdCanvasMouseMove -point (223,148) 
dicmdCanvasMouseMove -point (236,155) 
dicmdCanvasMouseMove -point (236,155) 
dicmdCanvasMouseMove -point (247,160) 
dicmdCanvasMouseMove -point (247,160) 
dicmdCanvasMouseMove -point (259,166) 
dicmdCanvasMouseMove -point (259,166) 
dicmdCanvasMouseMove -point (272,174) 
dicmdCanvasMouseMove -point (272,174) 
dicmdCanvasMouseMove -point (284,183) 
dicmdCanvasMouseMove -point (284,183) 
dicmdCanvasMouseMove -point (295,193) 
dicmdCanvasMouseMove -point (295,193) 
dicmdCanvasMouseMove -point (309,205) 
dicmdCanvasMouseMove -point (309,205) 
dicmdCanvasMouseMove -point (321,216) 
dicmdCanvasMouseMove -point (321,216) 
dicmdCanvasMouseMove -point (335,227) 
dicmdCanvasMouseMove -point (335,227) 
dicmdCanvasMouseMove -point (343,236) 
dicmdCanvasMouseMove -point (343,236) 
dicmdCanvasMouseMove -point (352,243) 
dicmdCanvasMouseMove -point (352,243) 
dicmdCanvasMouseMove -point (359,250) 
dicmdCanvasMouseMove -point (359,250) 
dicmdCanvasMouseMove -point (363,255) 
dicmdCanvasMouseMove -point (363,255) 
dicmdCanvasMouseMove -point (368,260) 
dicmdCanvasMouseMove -point (368,260) 
dicmdCanvasMouseMove -point (371,262) 
dicmdCanvasMouseMove -point (371,262) 
dicmdCanvasMouseMove -point (374,265) 
dicmdCanvasMouseMove -point (374,265) 
dicmdCanvasMouseMove -point (376,266) 
dicmdCanvasMouseMove -point (376,266) 
dicmdCanvasMouseMove -point (376,268) 
dicmdCanvasMouseMove -point (376,268) 
dicmdCanvasMouseMove -point (377,269) 
dicmdCanvasMouseMove -point (377,269) 
dicmdCanvasMouseMove -point (377,270) 
dicmdCanvasMouseMove -point (377,270) 
dicmdCanvasMouseMove -point (378,270) 
dicmdCanvasMouseMove -point (378,270) 
dicmdCanvasMouseClick -point (378,270) 
dicmdCanvasMouseMove -point (378,270) 
dicmdCanvasMouseClick -point (378,270) 
#o --> Out: dicmdCreateObjRectangle -brush 1 -color #000000 -fill 9 -points {(153,115);(378,270)} 
dicmdCanvasMouseMove -point (377,269) 
dicmdCanvasMouseMove -point (377,269) 
dicmdCanvasMouseMove -point (376,268) 
dicmdCanvasMouseMove -point (376,268) 
dicmdCanvasMouseMove -point (376,267) 
dicmdCanvasMouseMove -point (376,267) 
dicmdCanvasMouseMove -point (376,265) 
dicmdCanvasMouseMove -point (376,265) 
dicmdCanvasMouseMove -point (376,263) 
dicmdCanvasMouseMove -point (376,263) 
dicmdCanvasMouseMove -point (376,260) 
dicmdCanvasMouseMove -point (376,260) 
dicmdCanvasMouseMove -point (376,258) 
dicmdCanvasMouseMove -point (376,258) 
dicmdCanvasMouseMove -point (378,256) 
dicmdCanvasMouseMove -point (378,256) 
dicmdCanvasMouseMove -point (379,254) 
dicmdCanvasMouseMove -point (379,254) 
dicmdCanvasMouseMove -point (379,253) 
dicmdCanvasMouseMove -point (379,253) 
dicmdCanvasMouseMove -point (380,252) 
dicmdCanvasMouseMove -point (380,252) 
dicmdCanvasMouseMove -point (381,250) 
dicmdCanvasMouseMove -point (381,250) 
dicmdCanvasMouseMove -point (382,248) 
dicmdCanvasMouseMove -point (382,248) 
dicmdCanvasMouseMove -point (383,245) 
dicmdCanvasMouseMove -point (383,245) 
dicmdCanvasMouseMove -point (386,242) 
dicmdCanvasMouseMove -point (386,242) 
dicmdCanvasMouseMove -point (388,237) 
dicmdCanvasMouseMove -point (388,237) 
dicmdCanvasMouseMove -point (390,232) 
dicmdCanvasMouseMove -point (390,232) 
dicmdCanvasMouseMove -point (393,227) 
dicmdCanvasMouseMove -point (393,227) 
dicmdCanvasMouseMove -point (395,222) 
dicmdCanvasMouseMove -point (395,222) 
dicmdCanvasMouseMove -point (397,218) 
dicmdCanvasMouseMove -point (397,218) 
dicmdCanvasMouseMove -point (399,213) 
dicmdCanvasMouseMove -point (399,213) 
dicmdCanvasMouseMove -point (402,207) 
dicmdCanvasMouseMove -point (402,207) 
dicmdCanvasMouseMove -point (403,203) 
dicmdCanvasMouseMove -point (403,203) 
dicmdCanvasMouseMove -point (404,198) 
dicmdCanvasMouseMove -point (404,198) 
dicmdCanvasMouseMove -point (404,192) 
dicmdCanvasMouseMove -point (404,192) 
dicmdCanvasMouseMove -point (404,187) 
dicmdCanvasMouseMove -point (404,187) 
dicmdCanvasMouseMove -point (401,182) 
dicmdCanvasMouseMove -point (401,182) 
dicmdCanvasMouseMove -point (398,176) 
dicmdCanvasMouseMove -point (398,176) 
dicmdCanvasMouseMove -point (395,171) 
dicmdCanvasMouseMove -point (395,171) 
dicmdCanvasMouseMove -point (392,165) 
dicmdCanvasMouseMove -point (392,165) 
dicmdCanvasMouseMove -point (387,158) 
dicmdCanvasMouseMove -point (387,158) 
dicmdCanvasMouseMove -point (381,150) 
dicmdCanvasMouseMove -point (381,150) 
dicmdCanvasMouseMove -point (375,145) 
dicmdCanvasMouseMove -point (375,145) 
dicmdCanvasMouseMove -point (370,137) 
dicmdCanvasMouseMove -point (370,137) 
dicmdCanvasMouseMove -point (363,131) 
dicmdCanvasMouseMove -point (363,131) 
dicmdCanvasMouseMove -point (360,127) 
dicmdCanvasMouseMove -point (360,127) 
dicmdCanvasMouseMove -point (357,124) 
dicmdCanvasMouseMove -point (357,124) 
dicmdCanvasMouseMove -point (355,121) 
dicmdCanvasMouseMove -point (355,121) 
dicmdCanvasMouseMove -point (353,120) 
dicmdCanvasMouseMove -point (353,120) 
dicmdCanvasMouseMove -point (352,119) 
dicmdCanvasMouseMove -point (352,119) 
dicmdCanvasMouseMove -point (351,119) 
dicmdCanvasMouseMove -point (351,119) 
dicmdCanvasMouseMove -point (350,119) 
dicmdCanvasMouseMove -point (350,119) 
dicmdCanvasMouseMove -point (349,119) 
dicmdCanvasMouseMove -point (349,119) 
dicmdCanvasMouseMove -point (345,118) 
dicmdCanvasMouseMove -point (345,118) 
dicmdCanvasMouseMove -point (343,118) 
dicmdCanvasMouseMove -point (343,118) 
dicmdCanvasMouseMove -point (340,118) 
dicmdCanvasMouseMove -point (340,118) 
dicmdCanvasMouseMove -point (337,118) 
dicmdCanvasMouseMove -point (337,118) 
dicmdCanvasMouseMove -point (335,118) 
dicmdCanvasMouseMove -point (335,118) 
dicmdCanvasMouseMove -point (334,118) 
dicmdCanvasMouseMove -point (334,118) 
dicmdCanvasMouseMove -point (333,118) 
dicmdCanvasMouseMove -point (333,118) 
dicmdCanvasMouseMove -point (334,115) 
dicmdCanvasMouseMove -point (334,115) 
dicmdCanvasMouseMove -point (335,113) 
dicmdCanvasMouseMove -point (335,113) 
dicmdCanvasMouseMove -point (335,111) 
dicmdCanvasMouseMove -point (335,111) 
dicmdCanvasMouseMove -point (337,109) 
dicmdCanvasMouseMove -point (337,109) 
dicmdCanvasMouseMove -point (338,107) 
dicmdCanvasMouseMove -point (338,107) 
dicmdCanvasMouseMove -point (338,106) 
dicmdCanvasMouseMove -point (338,106) 
dicmdCanvasMouseMove -point (339,106) 
dicmdCanvasMouseMove -point (339,106) 
dicmdCanvasMouseMove -point (340,106) 
dicmdCanvasMouseMove -point (340,106) 
dicmdCanvasMouseMove -point (342,106) 
dicmdCanvasMouseMove -point (342,106) 
dicmdCanvasMouseMove -point (343,107) 
dicmdCanvasMouseMove -point (343,107) 
dicmdCanvasMouseMove -point (345,108) 
dicmdCanvasMouseMove -point (345,108) 
dicmdCanvasMouseMove -point (347,109) 
dicmdCanvasMouseMove -point (347,109) 
dicmdCanvasMouseMove -point (349,110) 
dicmdCanvasMouseMove -point (349,110) 
dicmdCanvasMouseMove -point (353,112) 
dicmdCanvasMouseMove -point (353,112) 
dicmdCanvasMouseMove -point (358,115) 
dicmdCanvasMouseMove -point (358,115) 
dicmdCanvasMouseMove -point (365,118) 
dicmdCanvasMouseMove -point (365,118) 
dicmdCanvasMouseMove -point (374,122) 
dicmdCanvasMouseMove -point (374,122) 
dicmdCanvasMouseMove -point (384,127) 
dicmdCanvasMouseMove -point (384,127) 
dicmdCanvasMouseMove -point (394,131) 
dicmdCanvasMouseMove -point (394,131) 
dicmdCanvasMouseMove -point (409,136) 
dicmdCanvasMouseMove -point (409,136) 
dicmdCanvasMouseMove -point (422,142) 
dicmdCanvasMouseMove -point (422,142) 
dicmdCanvasMouseMove -point (436,149) 
dicmdCanvasMouseMove -point (436,149) 
dicmdCanvasMouseMove -point (451,156) 
dicmdCanvasMouseMove -point (451,156) 
dicmdCanvasMouseMove -point (466,164) 
dicmdCanvasMouseMove -point (466,164) 
dicmdCanvasMouseMove -point (483,174) 
dicmdCanvasMouseMove -point (483,174) 
dicmdCanvasMouseMove -point (500,183) 
dicmdCanvasMouseMove -point (500,183) 
dicmdCanvasMouseMove -point (515,192) 
dicmdCanvasMouseMove -point (515,192) 
dicmdCanvasMouseMove -point (530,199) 
dicmdCanvasMouseMove -point (530,199) 
dicmdAbortActiveCommand 
dicmdAbortActiveCommand 
dicmdCanvasMouseMove -point (543,207) 
dicmdCanvasMouseMove -point (543,207) 
dicmdCanvasMouseMove -point (553,213) 
dicmdCanvasMouseMove -point (553,213) 
dicmdCanvasMouseMove -point (559,215) 
dicmdCanvasMouseMove -point (559,215) 
dicmdCanvasMouseMove -point (560,218) 
dicmdCanvasMouseMove -point (560,218) 
dicmdCanvasMouseMove -point (562,220) 
dicmdCanvasMouseMove -point (562,220) 
dicmdCanvasMouseMove -point (562,222) 
dicmdCanvasMouseMove -point (562,222) 
dicmdCanvasMouseMove -point (560,222) 
dicmdCanvasMouseMove -point (560,222) 
dicmdCanvasMouseMove -point (559,222) 
dicmdCanvasMouseMove -point (559,222) 
dicmdCanvasMouseMove -point (559,223) 
dicmdCanvasMouseMove -point (559,223) 
dicmdCanvasMouseMove -point (557,223) 
dicmdCanvasMouseMove -point (557,223) 
dicmdCanvasMouseMove -point (556,224) 
dicmdCanvasMouseMove -point (556,224) 
dicmdCanvasMouseMove -point (554,224) 
dicmdCanvasMouseMove -point (554,224) 
dicmdCanvasMouseMove -point (551,224) 
dicmdCanvasMouseMove -point (551,224) 
dicmdCanvasMouseMove -point (549,225) 
dicmdCanvasMouseMove -point (549,225) 
dicmdCanvasMouseMove -point (546,225) 
dicmdCanvasMouseMove -point (546,225) 
dicmdCanvasMouseMove -point (543,225) 
dicmdCanvasMouseMove -point (543,225) 
dicmdCanvasMouseMove -point (541,225) 
dicmdCanvasMouseMove -point (541,225) 
dicmdCanvasMouseMove -point (540,225) 
dicmdCanvasMouseMove -point (540,225) 
dicmdCanvasMouseMove -point (539,225) 
dicmdCanvasMouseMove -point (539,225) 
dicmdCanvasMouseMove -point (539,224) 
dicmdCanvasMouseMove -point (539,224) 
dicmdAbortActiveCommand 
dicmdCanvasMouseMove -point (537,224) 
dicmdCanvasMouseMove -point (537,224) 
dicmdCanvasMouseMove -point (533,224) 
dicmdCanvasMouseMove -point (533,224) 
dicmdCanvasMouseMove -point (525,221) 
dicmdCanvasMouseMove -point (525,221) 
dicmdCanvasMouseMove -point (515,220) 
dicmdCanvasMouseMove -point (515,220) 
dicmdCanvasMouseMove -point (504,217) 
dicmdCanvasMouseMove -point (504,217) 
dicmdCanvasMouseMove -point (489,214) 
dicmdCanvasMouseMove -point (489,214) 
dicmdCanvasMouseMove -point (471,211) 
dicmdCanvasMouseMove -point (471,211) 
dicmdCanvasMouseMove -point (449,204) 
dicmdCanvasMouseMove -point (449,204) 
dicmdCanvasMouseMove -point (425,200) 
dicmdCanvasMouseMove -point (425,200) 
dicmdCanvasMouseMove -point (403,195) 
dicmdCanvasMouseMove -point (403,195) 
dicmdCanvasMouseMove -point (382,191) 
dicmdCanvasMouseMove -point (382,191) 
dicmdCanvasMouseMove -point (359,189) 
dicmdCanvasMouseMove -point (359,189) 
dicmdCanvasMouseMove -point (340,185) 
dicmdCanvasMouseMove -point (340,185) 
dicmdCanvasMouseMove -point (320,181) 
dicmdCanvasMouseMove -point (320,181) 
dicmdCanvasMouseMove -point (301,179) 
dicmdCanvasMouseMove -point (301,179) 
dicmdCanvasMouseMove -point (283,176) 
dicmdCanvasMouseMove -point (283,176) 
dicmdCanvasMouseMove -point (266,176) 
dicmdCanvasMouseMove -point (266,176) 
dicmdCanvasMouseMove -point (252,174) 
dicmdCanvasMouseMove -point (252,174) 
dicmdCanvasMouseMove -point (240,172) 
dicmdCanvasMouseMove -point (240,172) 
dicmdCanvasMouseMove -point (232,172) 
dicmdCanvasMouseMove -point (232,172) 
dicmdCanvasMouseMove -point (229,172) 
dicmdCanvasMouseMove -point (229,172) 
dicmdCanvasMouseMove -point (227,172) 
dicmdCanvasMouseMove -point (227,172) 
dicmdQaCompareRuntime 
#t --> Test: comparision->Runtime:PASS Runtime_Compare_0.txt Runtime_Compare_0.txt.golden
dicmdCanvasMouseMove -point (228,172) 
dicmdCanvasMouseMove -point (228,172) 
dicmdCanvasMouseMove -point (230,172) 
dicmdCanvasMouseMove -point (230,172) 
dicmdCanvasMouseMove -point (234,172) 
dicmdCanvasMouseMove -point (234,172) 
dicmdCanvasMouseMove -point (239,170) 
dicmdCanvasMouseMove -point (239,170) 
dicmdCanvasMouseMove -point (244,169) 
dicmdCanvasMouseMove -point (244,169) 
dicmdCanvasMouseMove -point (250,167) 
dicmdCanvasMouseMove -point (250,167) 
dicmdCanvasMouseMove -point (254,165) 
dicmdCanvasMouseMove -point (254,165) 
dicmdCanvasMouseMove -point (261,165) 
dicmdCanvasMouseMove -point (261,165) 
dicmdCanvasMouseMove -point (272,164) 
dicmdCanvasMouseMove -point (272,164) 
dicmdCanvasMouseMove -point (283,164) 
dicmdCanvasMouseMove -point (283,164) 
dicmdCanvasMouseMove -point (295,164) 
dicmdCanvasMouseMove -point (295,164) 
dicmdCanvasMouseMove -point (306,163) 
dicmdCanvasMouseMove -point (306,163) 
dicmdCanvasMouseMove -point (318,163) 
dicmdCanvasMouseMove -point (318,163) 
dicmdCanvasMouseMove -point (332,163) 
dicmdCanvasMouseMove -point (332,163) 
dicmdCanvasMouseMove -point (349,161) 
dicmdCanvasMouseMove -point (349,161) 
dicmdCanvasMouseMove -point (365,161) 
dicmdCanvasMouseMove -point (365,161) 
dicmdCanvasMouseMove -point (384,161) 
dicmdCanvasMouseMove -point (384,161) 
dicmdCanvasMouseMove -point (403,161) 
dicmdCanvasMouseMove -point (403,161) 
dicmdCanvasMouseMove -point (423,163) 
dicmdCanvasMouseMove -point (423,163) 
dicmdCanvasMouseMove -point (443,163) 
dicmdCanvasMouseMove -point (443,163) 
dicmdCanvasMouseMove -point (463,163) 
dicmdCanvasMouseMove -point (463,163) 
dicmdCanvasMouseMove -point (482,163) 
dicmdCanvasMouseMove -point (482,163) 
dicmdCanvasMouseMove -point (501,165) 
dicmdCanvasMouseMove -point (501,165) 
dicmdCanvasMouseMove -point (517,165) 
dicmdCanvasMouseMove -point (517,165) 
dicmdCanvasMouseMove -point (530,167) 
dicmdCanvasMouseMove -point (530,167) 
dicmdCanvasMouseMove -point (540,169) 
dicmdCanvasMouseMove -point (540,169) 
dicmdCanvasMouseMove -point (546,169) 
dicmdCanvasMouseMove -point (546,169) 
dicmdCanvasMouseMove -point (551,170) 
dicmdCanvasMouseMove -point (551,170) 
dicmdCanvasMouseMove -point (553,170) 
dicmdCanvasMouseMove -point (553,170) 
dicmdCanvasMouseMove -point (555,170) 
dicmdCanvasMouseMove -point (555,170) 
dicmdCanvasMouseMove -point (566,168) 
dicmdCanvasMouseMove -point (566,168) 
dicmdCanvasMouseMove -point (583,161) 
dicmdCanvasMouseMove -point (583,161) 
dicmdCanvasMouseMove -point (611,151) 
dicmdCanvasMouseMove -point (611,151) 
dicmdCanvasMouseMove -point (641,139) 
dicmdCanvasMouseMove -point (641,139) 
dicmdCanvasMouseMove -point (677,121) 
dicmdCanvasMouseMove -point (677,121) 
dicmdCanvasMouseMove -point (719,101) 
dicmdCanvasMouseMove -point (719,101) 
dicmdCanvasMouseMove -point (763,79) 
dicmdCanvasMouseMove -point (763,79) 
dicmdCanvasMouseMove -point (811,57) 
dicmdCanvasMouseMove -point (811,57) 
dicmdCanvasMouseMove -point (865,33) 
dicmdCanvasMouseMove -point (865,33) 
dicmdCanvasMouseMove -point (921,7) 
dicmdCanvasMouseMove -point (921,7) 
dicmdQaToolExit 
