dicmdCreateObjLine -brush 1 -color #000000 -fill 9 -points {(223,60);(271,101)} 
dicmdCreateObjLine -brush 1 -color #000000 -fill 9 -points {(174,122);(356,50)} 
dicmdCreateObjLine -brush 1 -color #000000 -fill 9 -points {(286,20);(407,213)} 
dicmdCreateObjRectangle -brush 1 -color #000000 -fill 9 -points {(249,99);(298,147)} 
dicmdCreateObjRectangle -brush 1 -color #000000 -fill 9 -points {(211,137);(277,163)} 
dicmdCreateObjRectangle -brush 1 -color #000000 -fill 9 -points {(163,111);(224,199)} 
dicmdCreateObjRectangle -brush 1 -color #000000 -fill 9 -points {(126,239);(254,294)} 
dicmdCreateObjEllipse -brush 1 -color #000000 -fill 9 -points {(360,62);(456,111)} 
dicmdCreateObjEllipse -brush 1 -color #000000 -fill 9 -points {(721,109);(1095,254)} 
dicmdCreateObjPolygon -brush 1 -color #000000 -fill 9 -points {(501,38);(603,38);(605,101);(605,101)} 
dicmdCreateObjPolygon -brush 1 -color #000000 -fill 9 -points {(556,125);(611,201);(488,233);(618,228);(618,228)} 
dicmdCreateObjPolygon -brush 1 -color #000000 -fill 9 -points {(523,264);(479,95);(431,202);(515,178);(516,102);(493,127);(493,127);(534,153);(512,152);(537,158);(522,165);(543,170);(530,178);(551,181);(529,183);(548,187);(531,191);(531,192)} 
dicmdCreateObjPolygon -brush 1 -color #000000 -fill 9 -points {(531,192);(885,77);(917,183);(828,212);(828,212)} 
