PoolName: Selection
ObjCount: 1
======
Line:	  brushC -> #000000, brushS -> 9, penC -> #ffffff, penS -> 1
--------

