PoolName: Selection
ObjCount: 2
======
Line:	  brushC -> #000000, brushS -> 9, penC -> #ffffff, penS -> 1
Polygon:	  brushC -> #000000, brushS -> 9, penC -> #ffffff, penS -> 1
--------

