PoolName: Generic-InteractiveCommand
ObjCount: 1
======
Ellipse:	  brushC -> #00ffff, brushS -> 9, penC -> #ffffff, penS -> 2
--------

PoolName: Highlight-ActiveObjects
ObjCount: 0
======
--------

PoolName: Highlight-QASelectionsTintirid
ObjCount: 0
======
--------

PoolName: Highlight-Selection
ObjCount: 1
======
Ellipse:	  brushC -> #000000, brushS -> 0, penC -> #ff0000, penS -> 4
--------

