PoolName: Generic-InteractiveCommand
ObjCount: 0
======
--------

PoolName: Highlight-ActiveObjects
ObjCount: 0
======
--------

PoolName: Highlight-QASelectionsTintirid
ObjCount: 0
======
--------

PoolName: Highlight-Selection
ObjCount: 4
======
Line:	  brushC -> #000000, brushS -> 0, penC -> #ff0000, penS -> 4
Rectangle:	  brushC -> #000000, brushS -> 0, penC -> #ff0000, penS -> 4
Ellipse:	  brushC -> #000000, brushS -> 0, penC -> #ff0000, penS -> 4
Polygon:	  brushC -> #000000, brushS -> 0, penC -> #ff0000, penS -> 4
--------

