PoolName: Generic-InteractiveCommand
ObjCount: 1
======
Line:	  brushC -> #ff0000, brushS -> 9, penC -> #ff0000, penS -> 3
--------

PoolName: Highlight-ActiveObjects
ObjCount: 0
======
--------

PoolName: Highlight-QASelectionsTintirid
ObjCount: 0
======
--------

PoolName: Highlight-Selection
ObjCount: 0
======
--------

