Name: Selection
ObjCount: 5
======
Rectangle:
Rectangle:
Rectangle:
Rectangle:
Rectangle:
--------