dicmdCreateObjPolygon -brush 1 -color #000000 -fill 9 -points {(501,38);(605,101)} 
