Name: Selection
ObjCount: 1
======
Ellipse:
--------