Name: Selection
ObjCount: 3
======
Line:
Line:
Line:
--------