Name: Selection
ObjCount: 13
======
Ellipse:
Ellipse:
Polygon:
Polygon:
Polygon:
Rectangle:
Line:
Line:
Line:
Line:
Line:
Line:
Line:
--------