Name: Selection
ObjCount: 4
======
Rectangle:
Line:
Line:
Line:
--------