Name: Selection
ObjCount: 3
======
Rectangle:
Line:
Rectangle:
--------